// Jest Snapshot v1, https://goo.gl/fbAQLP

exports[`Home renders 1`] = `
<div>
  <SearchBox
    title=""
  />
  <ThumbNailGallery />
  <Pagination />
</div>
`;
